2025-06-18T10:00:37.1662599Z Current runner version: '2.325.0'
2025-06-18T10:00:37.1688500Z ##[group]Operating System
2025-06-18T10:00:37.1689240Z Ubuntu
2025-06-18T10:00:37.1689819Z 24.04.2
2025-06-18T10:00:37.1690258Z LTS
2025-06-18T10:00:37.1690726Z ##[endgroup]
2025-06-18T10:00:37.1691281Z ##[group]Runner Image
2025-06-18T10:00:37.1691846Z Image: ubuntu-24.04
2025-06-18T10:00:37.1692368Z Version: 20250609.1.0
2025-06-18T10:00:37.1693379Z Included Software: https://github.com/actions/runner-images/blob/ubuntu24/20250609.1/images/ubuntu/Ubuntu2404-Readme.md
2025-06-18T10:00:37.1694748Z Image Release: https://github.com/actions/runner-images/releases/tag/ubuntu24%2F20250609.1
2025-06-18T10:00:37.1695932Z ##[endgroup]
2025-06-18T10:00:37.1696520Z ##[group]Runner Image Provisioner
2025-06-18T10:00:37.1697204Z 2.0.437.1
2025-06-18T10:00:37.1697632Z ##[endgroup]
2025-06-18T10:00:37.1698722Z ##[group]GITHUB_TOKEN Permissions
2025-06-18T10:00:37.1700503Z Contents: read
2025-06-18T10:00:37.1701061Z Metadata: read
2025-06-18T10:00:37.1701859Z Packages: read
2025-06-18T10:00:37.1702400Z ##[endgroup]
2025-06-18T10:00:37.1704413Z Secret source: Actions
2025-06-18T10:00:37.1705235Z Prepare workflow directory
2025-06-18T10:00:37.2086453Z Prepare all required actions
2025-06-18T10:00:37.2124040Z Getting action download info
2025-06-18T10:00:37.7210159Z ##[group]Download immutable action package 'actions/checkout@v3'
2025-06-18T10:00:37.7211235Z Version: 3.6.0
2025-06-18T10:00:37.7212354Z Digest: sha256:942562b9c7d4b1f2557f1da21f4d3eb4eb4fd01f2ad78b2a6e187d1b193e0a0f
2025-06-18T10:00:37.7214065Z Source commit SHA: f43a0e5ff2bd294095638e18286ca9a3d1956744
2025-06-18T10:00:37.7214800Z ##[endgroup]
2025-06-18T10:00:37.8166731Z ##[group]Download immutable action package 'actions/setup-python@v4'
2025-06-18T10:00:37.8167682Z Version: 4.9.1
2025-06-18T10:00:37.8168458Z Digest: sha256:f03e505388af670b5a108629e0ba26befc08d5c62b41f46146a45fe29ae509a5
2025-06-18T10:00:37.8169488Z Source commit SHA: 7f4fc3e22c37d6ff65e88745f38bd3157c663f7c
2025-06-18T10:00:37.8170268Z ##[endgroup]
2025-06-18T10:00:38.9980923Z Complete job name: test (3.8)
2025-06-18T10:00:39.0796197Z ##[group]Run actions/checkout@v3
2025-06-18T10:00:39.0797594Z with:
2025-06-18T10:00:39.0798467Z   repository: CharlysEV/Automatizacion_RSI_PCI
2025-06-18T10:00:39.0799996Z   token: ***
2025-06-18T10:00:39.0800763Z   ssh-strict: true
2025-06-18T10:00:39.0801611Z   persist-credentials: true
2025-06-18T10:00:39.0802518Z   clean: true
2025-06-18T10:00:39.0803347Z   sparse-checkout-cone-mode: true
2025-06-18T10:00:39.0804357Z   fetch-depth: 1
2025-06-18T10:00:39.0805305Z   fetch-tags: false
2025-06-18T10:00:39.0806138Z   lfs: false
2025-06-18T10:00:39.0806884Z   submodules: false
2025-06-18T10:00:39.0807728Z   set-safe-directory: true
2025-06-18T10:00:39.0808891Z ##[endgroup]
2025-06-18T10:00:39.2640393Z Syncing repository: CharlysEV/Automatizacion_RSI_PCI
2025-06-18T10:00:39.2643142Z ##[group]Getting Git version info
2025-06-18T10:00:39.2644791Z Working directory is '/home/runner/work/Automatizacion_RSI_PCI/Automatizacion_RSI_PCI'
2025-06-18T10:00:39.2647359Z [command]/usr/bin/git version
2025-06-18T10:00:39.2689267Z git version 2.49.0
2025-06-18T10:00:39.2719838Z ##[endgroup]
2025-06-18T10:00:39.2739446Z Temporarily overriding HOME='/home/runner/work/_temp/49a5eeee-c322-4018-96c3-39db61a82663' before making global git config changes
2025-06-18T10:00:39.2742764Z Adding repository directory to the temporary git global config as a safe directory
2025-06-18T10:00:39.2745654Z [command]/usr/bin/git config --global --add safe.directory /home/runner/work/Automatizacion_RSI_PCI/Automatizacion_RSI_PCI
2025-06-18T10:00:39.2782283Z Deleting the contents of '/home/runner/work/Automatizacion_RSI_PCI/Automatizacion_RSI_PCI'
2025-06-18T10:00:39.2785722Z ##[group]Initializing the repository
2025-06-18T10:00:39.2789363Z [command]/usr/bin/git init /home/runner/work/Automatizacion_RSI_PCI/Automatizacion_RSI_PCI
2025-06-18T10:00:39.2869271Z hint: Using 'master' as the name for the initial branch. This default branch name
2025-06-18T10:00:39.2872620Z hint: is subject to change. To configure the initial branch name to use in all
2025-06-18T10:00:39.2875723Z hint: of your new repositories, which will suppress this warning, call:
2025-06-18T10:00:39.2878106Z hint:
2025-06-18T10:00:39.2879287Z hint: 	git config --global init.defaultBranch <name>
2025-06-18T10:00:39.2880465Z hint:
2025-06-18T10:00:39.2881547Z hint: Names commonly chosen instead of 'master' are 'main', 'trunk' and
2025-06-18T10:00:39.2883838Z hint: 'development'. The just-created branch can be renamed via this command:
2025-06-18T10:00:39.2885688Z hint:
2025-06-18T10:00:39.2886446Z hint: 	git branch -m <name>
2025-06-18T10:00:39.2888737Z Initialized empty Git repository in /home/runner/work/Automatizacion_RSI_PCI/Automatizacion_RSI_PCI/.git/
2025-06-18T10:00:39.2892479Z [command]/usr/bin/git remote add origin https://github.com/CharlysEV/Automatizacion_RSI_PCI
2025-06-18T10:00:39.2927393Z ##[endgroup]
2025-06-18T10:00:39.2928885Z ##[group]Disabling automatic garbage collection
2025-06-18T10:00:39.2930679Z [command]/usr/bin/git config --local gc.auto 0
2025-06-18T10:00:39.2960537Z ##[endgroup]
2025-06-18T10:00:39.2962824Z ##[group]Setting up auth
2025-06-18T10:00:39.2967194Z [command]/usr/bin/git config --local --name-only --get-regexp core\.sshCommand
2025-06-18T10:00:39.2999151Z [command]/usr/bin/git submodule foreach --recursive sh -c "git config --local --name-only --get-regexp 'core\.sshCommand' && git config --local --unset-all 'core.sshCommand' || :"
2025-06-18T10:00:39.3299872Z [command]/usr/bin/git config --local --name-only --get-regexp http\.https\:\/\/github\.com\/\.extraheader
2025-06-18T10:00:39.3331322Z [command]/usr/bin/git submodule foreach --recursive sh -c "git config --local --name-only --get-regexp 'http\.https\:\/\/github\.com\/\.extraheader' && git config --local --unset-all 'http.https://github.com/.extraheader' || :"
2025-06-18T10:00:39.3566444Z [command]/usr/bin/git config --local http.https://github.com/.extraheader AUTHORIZATION: basic ***
2025-06-18T10:00:39.3600326Z ##[endgroup]
2025-06-18T10:00:39.3602126Z ##[group]Fetching the repository
2025-06-18T10:00:39.3609196Z [command]/usr/bin/git -c protocol.version=2 fetch --no-tags --prune --progress --no-recurse-submodules --depth=1 origin +cd21ea4ed4ef938f2209d90243a3932ed562df42:refs/remotes/origin/main
2025-06-18T10:00:39.7482905Z remote: Enumerating objects: 23, done.        
2025-06-18T10:00:39.7484212Z remote: Counting objects:   4% (1/23)        
2025-06-18T10:00:39.7485497Z remote: Counting objects:   8% (2/23)        
2025-06-18T10:00:39.7486057Z remote: Counting objects:  13% (3/23)        
2025-06-18T10:00:39.7486464Z remote: Counting objects:  17% (4/23)        
2025-06-18T10:00:39.7486782Z remote: Counting objects:  21% (5/23)        
2025-06-18T10:00:39.7487099Z remote: Counting objects:  26% (6/23)        
2025-06-18T10:00:39.7487416Z remote: Counting objects:  30% (7/23)        
2025-06-18T10:00:39.7487726Z remote: Counting objects:  34% (8/23)        
2025-06-18T10:00:39.7488043Z remote: Counting objects:  39% (9/23)        
2025-06-18T10:00:39.7488421Z remote: Counting objects:  43% (10/23)        
2025-06-18T10:00:39.7488743Z remote: Counting objects:  47% (11/23)        
2025-06-18T10:00:39.7489067Z remote: Counting objects:  52% (12/23)        
2025-06-18T10:00:39.7489382Z remote: Counting objects:  56% (13/23)        
2025-06-18T10:00:39.7489697Z remote: Counting objects:  60% (14/23)        
2025-06-18T10:00:39.7490026Z remote: Counting objects:  65% (15/23)        
2025-06-18T10:00:39.7490342Z remote: Counting objects:  69% (16/23)        
2025-06-18T10:00:39.7490658Z remote: Counting objects:  73% (17/23)        
2025-06-18T10:00:39.7490980Z remote: Counting objects:  78% (18/23)        
2025-06-18T10:00:39.7491303Z remote: Counting objects:  82% (19/23)        
2025-06-18T10:00:39.7491616Z remote: Counting objects:  86% (20/23)        
2025-06-18T10:00:39.7491933Z remote: Counting objects:  91% (21/23)        
2025-06-18T10:00:39.7492242Z remote: Counting objects:  95% (22/23)        
2025-06-18T10:00:39.7492855Z remote: Counting objects: 100% (23/23)        
2025-06-18T10:00:39.7493198Z remote: Counting objects: 100% (23/23), done.        
2025-06-18T10:00:39.7493551Z remote: Compressing objects:   5% (1/17)        
2025-06-18T10:00:39.7493887Z remote: Compressing objects:  11% (2/17)        
2025-06-18T10:00:39.7494212Z remote: Compressing objects:  17% (3/17)        
2025-06-18T10:00:39.7494535Z remote: Compressing objects:  23% (4/17)        
2025-06-18T10:00:39.7494914Z remote: Compressing objects:  29% (5/17)        
2025-06-18T10:00:39.7495609Z remote: Compressing objects:  35% (6/17)        
2025-06-18T10:00:39.7495944Z remote: Compressing objects:  41% (7/17)        
2025-06-18T10:00:39.7496273Z remote: Compressing objects:  47% (8/17)        
2025-06-18T10:00:39.7496619Z remote: Compressing objects:  52% (9/17)        
2025-06-18T10:00:39.7496960Z remote: Compressing objects:  58% (10/17)        
2025-06-18T10:00:39.7497296Z remote: Compressing objects:  64% (11/17)        
2025-06-18T10:00:39.7497681Z remote: Compressing objects:  70% (12/17)        
2025-06-18T10:00:39.7498270Z remote: Compressing objects:  76% (13/17)        
2025-06-18T10:00:39.7498605Z remote: Compressing objects:  82% (14/17)        
2025-06-18T10:00:39.7499001Z remote: Compressing objects:  88% (15/17)        
2025-06-18T10:00:39.7499352Z remote: Compressing objects:  94% (16/17)        
2025-06-18T10:00:39.7499704Z remote: Compressing objects: 100% (17/17)        
2025-06-18T10:00:39.7500048Z remote: Compressing objects: 100% (17/17), done.        
2025-06-18T10:00:39.7683409Z remote: Total 23 (delta 0), reused 22 (delta 0), pack-reused 0 (from 0)        
2025-06-18T10:00:39.7776964Z From https://github.com/CharlysEV/Automatizacion_RSI_PCI
2025-06-18T10:00:39.7777733Z  * [new ref]         cd21ea4ed4ef938f2209d90243a3932ed562df42 -> origin/main
2025-06-18T10:00:39.7807500Z ##[endgroup]
2025-06-18T10:00:39.7808253Z ##[group]Determining the checkout info
2025-06-18T10:00:39.7810421Z ##[endgroup]
2025-06-18T10:00:39.7811167Z ##[group]Checking out the ref
2025-06-18T10:00:39.7815741Z [command]/usr/bin/git checkout --progress --force -B main refs/remotes/origin/main
2025-06-18T10:00:39.7866641Z Switched to a new branch 'main'
2025-06-18T10:00:39.7869264Z branch 'main' set up to track 'origin/main'.
2025-06-18T10:00:39.7875818Z ##[endgroup]
2025-06-18T10:00:39.7909920Z [command]/usr/bin/git log -1 --format='%H'
2025-06-18T10:00:39.7931984Z 'cd21ea4ed4ef938f2209d90243a3932ed562df42'
2025-06-18T10:00:39.8152605Z ##[group]Run actions/setup-python@v4
2025-06-18T10:00:39.8152944Z with:
2025-06-18T10:00:39.8153158Z   python-version: 3.8
2025-06-18T10:00:39.8153394Z   check-latest: false
2025-06-18T10:00:39.8153783Z   token: ***
2025-06-18T10:00:39.8154004Z   update-environment: true
2025-06-18T10:00:39.8154253Z   allow-prereleases: false
2025-06-18T10:00:39.8154543Z ##[endgroup]
2025-06-18T10:00:39.9862196Z ##[group]Installed versions
2025-06-18T10:00:39.9916198Z Version 3.8 was not found in the local cache
2025-06-18T10:00:40.5051589Z Version 3.8 is available for downloading
2025-06-18T10:00:40.5053410Z Download from "https://github.com/actions/python-versions/releases/download/3.8.18-12303122501/python-3.8.18-linux-24.04-x64.tar.gz"
2025-06-18T10:00:41.4029969Z Extract downloaded archive
2025-06-18T10:00:41.4160961Z [command]/usr/bin/tar xz --warning=no-unknown-keyword -C /home/runner/work/_temp/f9721f5d-f288-41fe-994a-e6d8e61cc9da -f /home/runner/work/_temp/7def95a1-8182-47e1-b144-5499cf46587a
2025-06-18T10:00:42.7232461Z Execute installation script
2025-06-18T10:00:42.7324476Z Check if Python hostedtoolcache folder exist...
2025-06-18T10:00:42.7325802Z Create Python 3.8.18 folder
2025-06-18T10:00:42.7338514Z Copy Python binaries to hostedtoolcache folder
2025-06-18T10:00:43.2027429Z Create additional symlinks (Required for the UsePythonVersion Azure Pipelines task and the setup-python GitHub Action)
2025-06-18T10:00:43.2071791Z Upgrading pip...
2025-06-18T10:00:44.9287563Z Looking in links: /tmp/tmpaze6_7mj
2025-06-18T10:00:44.9291848Z Requirement already satisfied: setuptools in /opt/hostedtoolcache/Python/3.8.18/x64/lib/python3.8/site-packages (56.0.0)
2025-06-18T10:00:44.9297635Z Requirement already satisfied: pip in /opt/hostedtoolcache/Python/3.8.18/x64/lib/python3.8/site-packages (23.0.1)
2025-06-18T10:00:46.0112597Z Collecting pip
2025-06-18T10:00:46.0757557Z Downloading pip-25.0.1-py3-none-any.whl (1.8 MB)
2025-06-18T10:00:46.1519826Z ━━━━━━━━━━━━━━━━━━━━━━━━━━━━━━━━━━━━━━━━ 1.8/1.8 MB 25.1 MB/s eta 0:00:00
2025-06-18T10:00:46.1520313Z 
2025-06-18T10:00:46.1861529Z Installing collected packages: pip
2025-06-18T10:00:46.1863144Z Attempting uninstall: pip
2025-06-18T10:00:46.1869581Z Found existing installation: pip 23.0.1
2025-06-18T10:00:46.3707124Z Uninstalling pip-23.0.1:
2025-06-18T10:00:46.3780099Z Successfully uninstalled pip-23.0.1
2025-06-18T10:00:47.0939953Z Successfully installed pip-25.0.1
2025-06-18T10:00:47.1413393Z Create complete file
2025-06-18T10:00:47.1472965Z Successfully set up CPython (3.8.18)
2025-06-18T10:00:47.1474629Z ##[endgroup]
2025-06-18T10:00:47.1608868Z ##[group]Run python -m pip install --upgrade pip
2025-06-18T10:00:47.1609271Z [36;1mpython -m pip install --upgrade pip[0m
2025-06-18T10:00:47.1609567Z [36;1mpip install -e .[dev][0m
2025-06-18T10:00:47.1710356Z shell: /usr/bin/bash -e {0}
2025-06-18T10:00:47.1710607Z env:
2025-06-18T10:00:47.1710873Z   pythonLocation: /opt/hostedtoolcache/Python/3.8.18/x64
2025-06-18T10:00:47.1711282Z   PKG_CONFIG_PATH: /opt/hostedtoolcache/Python/3.8.18/x64/lib/pkgconfig
2025-06-18T10:00:47.1711681Z   Python_ROOT_DIR: /opt/hostedtoolcache/Python/3.8.18/x64
2025-06-18T10:00:47.1712014Z   Python2_ROOT_DIR: /opt/hostedtoolcache/Python/3.8.18/x64
2025-06-18T10:00:47.1712366Z   Python3_ROOT_DIR: /opt/hostedtoolcache/Python/3.8.18/x64
2025-06-18T10:00:47.1712703Z   LD_LIBRARY_PATH: /opt/hostedtoolcache/Python/3.8.18/x64/lib
2025-06-18T10:00:47.1712999Z ##[endgroup]
2025-06-18T10:00:47.5413613Z Requirement already satisfied: pip in /opt/hostedtoolcache/Python/3.8.18/x64/lib/python3.8/site-packages (25.0.1)
2025-06-18T10:00:48.1023064Z Obtaining file:///home/runner/work/Automatizacion_RSI_PCI/Automatizacion_RSI_PCI
2025-06-18T10:00:48.1058895Z ERROR: Exception:
2025-06-18T10:00:48.1059314Z Traceback (most recent call last):
2025-06-18T10:00:48.1068124Z   File "/opt/hostedtoolcache/Python/3.8.18/x64/lib/python3.8/site-packages/pip/_internal/cli/base_command.py", line 106, in _run_wrapper
2025-06-18T10:00:48.1069080Z     status = _inner_run()
2025-06-18T10:00:48.1069980Z   File "/opt/hostedtoolcache/Python/3.8.18/x64/lib/python3.8/site-packages/pip/_internal/cli/base_command.py", line 97, in _inner_run
2025-06-18T10:00:48.1070897Z     return self.run(options, args)
2025-06-18T10:00:48.1071781Z   File "/opt/hostedtoolcache/Python/3.8.18/x64/lib/python3.8/site-packages/pip/_internal/cli/req_command.py", line 67, in wrapper
2025-06-18T10:00:48.1072638Z     return func(self, options, args)
2025-06-18T10:00:48.1073511Z   File "/opt/hostedtoolcache/Python/3.8.18/x64/lib/python3.8/site-packages/pip/_internal/commands/install.py", line 386, in run
2025-06-18T10:00:48.1074353Z     requirement_set = resolver.resolve(
2025-06-18T10:00:48.1075485Z   File "/opt/hostedtoolcache/Python/3.8.18/x64/lib/python3.8/site-packages/pip/_internal/resolution/resolvelib/resolver.py", line 76, in resolve
2025-06-18T10:00:48.1076537Z     collected = self.factory.collect_root_requirements(root_reqs)
2025-06-18T10:00:48.1077734Z   File "/opt/hostedtoolcache/Python/3.8.18/x64/lib/python3.8/site-packages/pip/_internal/resolution/resolvelib/factory.py", line 545, in collect_root_requirements
2025-06-18T10:00:48.1078752Z     reqs = list(
2025-06-18T10:00:48.1079773Z   File "/opt/hostedtoolcache/Python/3.8.18/x64/lib/python3.8/site-packages/pip/_internal/resolution/resolvelib/factory.py", line 501, in _make_requirements_from_install_req
2025-06-18T10:00:48.1080875Z     cand = self._make_base_candidate_from_link(
2025-06-18T10:00:48.1081985Z   File "/opt/hostedtoolcache/Python/3.8.18/x64/lib/python3.8/site-packages/pip/_internal/resolution/resolvelib/factory.py", line 212, in _make_base_candidate_from_link
2025-06-18T10:00:48.1083440Z     self._editable_candidate_cache[link] = EditableCandidate(
2025-06-18T10:00:48.1084532Z   File "/opt/hostedtoolcache/Python/3.8.18/x64/lib/python3.8/site-packages/pip/_internal/resolution/resolvelib/candidates.py", line 329, in __init__
2025-06-18T10:00:48.1085762Z     super().__init__(
2025-06-18T10:00:48.1086678Z   File "/opt/hostedtoolcache/Python/3.8.18/x64/lib/python3.8/site-packages/pip/_internal/resolution/resolvelib/candidates.py", line 159, in __init__
2025-06-18T10:00:48.1087628Z     self.dist = self._prepare()
2025-06-18T10:00:48.1088555Z   File "/opt/hostedtoolcache/Python/3.8.18/x64/lib/python3.8/site-packages/pip/_internal/resolution/resolvelib/candidates.py", line 236, in _prepare
2025-06-18T10:00:48.1089547Z     dist = self._prepare_distribution()
2025-06-18T10:00:48.1090900Z   File "/opt/hostedtoolcache/Python/3.8.18/x64/lib/python3.8/site-packages/pip/_internal/resolution/resolvelib/candidates.py", line 339, in _prepare_distribution
2025-06-18T10:00:48.1168961Z     return self._factory.preparer.prepare_editable_requirement(self._ireq)
2025-06-18T10:00:48.1170345Z   File "/opt/hostedtoolcache/Python/3.8.18/x64/lib/python3.8/site-packages/pip/_internal/operations/prepare.py", line 698, in prepare_editable_requirement
2025-06-18T10:00:48.1171495Z     dist = _get_prepared_distribution(
2025-06-18T10:00:48.1172527Z   File "/opt/hostedtoolcache/Python/3.8.18/x64/lib/python3.8/site-packages/pip/_internal/operations/prepare.py", line 72, in _get_prepared_distribution
2025-06-18T10:00:48.1173503Z     abstract_dist.prepare_distribution_metadata(
2025-06-18T10:00:48.1174598Z   File "/opt/hostedtoolcache/Python/3.8.18/x64/lib/python3.8/site-packages/pip/_internal/distributions/sdist.py", line 39, in prepare_distribution_metadata
2025-06-18T10:00:48.1175788Z     self.req.load_pyproject_toml()
2025-06-18T10:00:48.1176735Z   File "/opt/hostedtoolcache/Python/3.8.18/x64/lib/python3.8/site-packages/pip/_internal/req/req_install.py", line 512, in load_pyproject_toml
2025-06-18T10:00:48.1177658Z     pyproject_toml_data = load_pyproject_toml(
2025-06-18T10:00:48.1178612Z   File "/opt/hostedtoolcache/Python/3.8.18/x64/lib/python3.8/site-packages/pip/_internal/pyproject.py", line 70, in load_pyproject_toml
2025-06-18T10:00:48.1179519Z     pp_toml = tomllib.loads(f.read())
2025-06-18T10:00:48.1180370Z   File "/opt/hostedtoolcache/Python/3.8.18/x64/lib/python3.8/site-packages/pip/_vendor/tomli/_parser.py", line 180, in loads
2025-06-18T10:00:48.1181303Z     pos = key_value_rule(src, pos, out, header, parse_float)
2025-06-18T10:00:48.1182358Z   File "/opt/hostedtoolcache/Python/3.8.18/x64/lib/python3.8/site-packages/pip/_vendor/tomli/_parser.py", line 408, in key_value_rule
2025-06-18T10:00:48.1183366Z     pos, key, value = parse_key_value_pair(src, pos, parse_float, nest_lvl=0)
2025-06-18T10:00:48.1184446Z   File "/opt/hostedtoolcache/Python/3.8.18/x64/lib/python3.8/site-packages/pip/_vendor/tomli/_parser.py", line 451, in parse_key_value_pair
2025-06-18T10:00:48.1185582Z     pos, value = parse_value(src, pos, parse_float, nest_lvl)
2025-06-18T10:00:48.1186542Z   File "/opt/hostedtoolcache/Python/3.8.18/x64/lib/python3.8/site-packages/pip/_vendor/tomli/_parser.py", line 745, in parse_value
2025-06-18T10:00:48.1187473Z     raise TOMLDecodeError("Invalid value", src, pos)
2025-06-18T10:00:48.1188089Z pip._vendor.tomli._parser.TOMLDecodeError: Invalid value (at line 6, column 17)
2025-06-18T10:00:48.1506530Z ##[error]Process completed with exit code 2.
2025-06-18T10:00:48.1603729Z Post job cleanup.
2025-06-18T10:00:48.2322701Z [command]/usr/bin/git version
2025-06-18T10:00:48.2360120Z git version 2.49.0
2025-06-18T10:00:48.2404773Z Temporarily overriding HOME='/home/runner/work/_temp/8f57c240-0e3d-447e-8e05-b2ecda759e37' before making global git config changes
2025-06-18T10:00:48.2406044Z Adding repository directory to the temporary git global config as a safe directory
2025-06-18T10:00:48.2409246Z [command]/usr/bin/git config --global --add safe.directory /home/runner/work/Automatizacion_RSI_PCI/Automatizacion_RSI_PCI
2025-06-18T10:00:48.2440722Z [command]/usr/bin/git config --local --name-only --get-regexp core\.sshCommand
2025-06-18T10:00:48.2469744Z [command]/usr/bin/git submodule foreach --recursive sh -c "git config --local --name-only --get-regexp 'core\.sshCommand' && git config --local --unset-all 'core.sshCommand' || :"
2025-06-18T10:00:48.2703494Z [command]/usr/bin/git config --local --name-only --get-regexp http\.https\:\/\/github\.com\/\.extraheader
2025-06-18T10:00:48.2726743Z http.https://github.com/.extraheader
2025-06-18T10:00:48.2738712Z [command]/usr/bin/git config --local --unset-all http.https://github.com/.extraheader
2025-06-18T10:00:48.2768055Z [command]/usr/bin/git submodule foreach --recursive sh -c "git config --local --name-only --get-regexp 'http\.https\:\/\/github\.com\/\.extraheader' && git config --local --unset-all 'http.https://github.com/.extraheader' || :"
2025-06-18T10:00:48.3090636Z Cleaning up orphan processes
