2025-06-18T10:00:36.1171505Z Current runner version: '2.325.0'
2025-06-18T10:00:36.1196061Z ##[group]Operating System
2025-06-18T10:00:36.1196962Z Ubuntu
2025-06-18T10:00:36.1197444Z 24.04.2
2025-06-18T10:00:36.1197914Z LTS
2025-06-18T10:00:36.1198329Z ##[endgroup]
2025-06-18T10:00:36.1198925Z ##[group]Runner Image
2025-06-18T10:00:36.1199502Z Image: ubuntu-24.04
2025-06-18T10:00:36.1200012Z Version: 20250609.1.0
2025-06-18T10:00:36.1201098Z Included Software: https://github.com/actions/runner-images/blob/ubuntu24/20250609.1/images/ubuntu/Ubuntu2404-Readme.md
2025-06-18T10:00:36.1202391Z Image Release: https://github.com/actions/runner-images/releases/tag/ubuntu24%2F20250609.1
2025-06-18T10:00:36.1203304Z ##[endgroup]
2025-06-18T10:00:36.1204010Z ##[group]Runner Image Provisioner
2025-06-18T10:00:36.1204632Z 2.0.437.1
2025-06-18T10:00:36.1205048Z ##[endgroup]
2025-06-18T10:00:36.1206162Z ##[group]GITHUB_TOKEN Permissions
2025-06-18T10:00:36.1208208Z Contents: read
2025-06-18T10:00:36.1208855Z Metadata: read
2025-06-18T10:00:36.1209510Z Packages: read
2025-06-18T10:00:36.1210137Z ##[endgroup]
2025-06-18T10:00:36.1212701Z Secret source: Actions
2025-06-18T10:00:36.1213825Z Prepare workflow directory
2025-06-18T10:00:36.1538916Z Prepare all required actions
2025-06-18T10:00:36.1580657Z Getting action download info
2025-06-18T10:00:36.5169314Z ##[group]Download immutable action package 'actions/checkout@v3'
2025-06-18T10:00:36.5170408Z Version: 3.6.0
2025-06-18T10:00:36.5171413Z Digest: sha256:942562b9c7d4b1f2557f1da21f4d3eb4eb4fd01f2ad78b2a6e187d1b193e0a0f
2025-06-18T10:00:36.5172577Z Source commit SHA: f43a0e5ff2bd294095638e18286ca9a3d1956744
2025-06-18T10:00:36.5173250Z ##[endgroup]
2025-06-18T10:00:36.5965980Z ##[group]Download immutable action package 'actions/setup-python@v4'
2025-06-18T10:00:36.5966845Z Version: 4.9.1
2025-06-18T10:00:36.5967883Z Digest: sha256:f03e505388af670b5a108629e0ba26befc08d5c62b41f46146a45fe29ae509a5
2025-06-18T10:00:36.5968948Z Source commit SHA: 7f4fc3e22c37d6ff65e88745f38bd3157c663f7c
2025-06-18T10:00:36.5969613Z ##[endgroup]
2025-06-18T10:00:37.2888101Z Complete job name: test (3.9)
2025-06-18T10:00:37.3561503Z ##[group]Run actions/checkout@v3
2025-06-18T10:00:37.3562370Z with:
2025-06-18T10:00:37.3562845Z   repository: CharlysEV/Automatizacion_RSI_PCI
2025-06-18T10:00:37.3563753Z   token: ***
2025-06-18T10:00:37.3564176Z   ssh-strict: true
2025-06-18T10:00:37.3564605Z   persist-credentials: true
2025-06-18T10:00:37.3565074Z   clean: true
2025-06-18T10:00:37.3565496Z   sparse-checkout-cone-mode: true
2025-06-18T10:00:37.3566000Z   fetch-depth: 1
2025-06-18T10:00:37.3566462Z   fetch-tags: false
2025-06-18T10:00:37.3566913Z   lfs: false
2025-06-18T10:00:37.3567311Z   submodules: false
2025-06-18T10:00:37.3567749Z   set-safe-directory: true
2025-06-18T10:00:37.3568514Z ##[endgroup]
2025-06-18T10:00:37.4955914Z Syncing repository: CharlysEV/Automatizacion_RSI_PCI
2025-06-18T10:00:37.4957768Z ##[group]Getting Git version info
2025-06-18T10:00:37.4958664Z Working directory is '/home/runner/work/Automatizacion_RSI_PCI/Automatizacion_RSI_PCI'
2025-06-18T10:00:37.4959929Z [command]/usr/bin/git version
2025-06-18T10:00:37.4993691Z git version 2.49.0
2025-06-18T10:00:37.5022522Z ##[endgroup]
2025-06-18T10:00:37.5040165Z Temporarily overriding HOME='/home/runner/work/_temp/efd21505-bba7-4ee3-9fad-0ef9eaa661d1' before making global git config changes
2025-06-18T10:00:37.5042896Z Adding repository directory to the temporary git global config as a safe directory
2025-06-18T10:00:37.5045702Z [command]/usr/bin/git config --global --add safe.directory /home/runner/work/Automatizacion_RSI_PCI/Automatizacion_RSI_PCI
2025-06-18T10:00:37.5078153Z Deleting the contents of '/home/runner/work/Automatizacion_RSI_PCI/Automatizacion_RSI_PCI'
2025-06-18T10:00:37.5081494Z ##[group]Initializing the repository
2025-06-18T10:00:37.5086215Z [command]/usr/bin/git init /home/runner/work/Automatizacion_RSI_PCI/Automatizacion_RSI_PCI
2025-06-18T10:00:37.5141525Z hint: Using 'master' as the name for the initial branch. This default branch name
2025-06-18T10:00:37.5143009Z hint: is subject to change. To configure the initial branch name to use in all
2025-06-18T10:00:37.5144624Z hint: of your new repositories, which will suppress this warning, call:
2025-06-18T10:00:37.5145625Z hint:
2025-06-18T10:00:37.5146335Z hint: 	git config --global init.defaultBranch <name>
2025-06-18T10:00:37.5147518Z hint:
2025-06-18T10:00:37.5148674Z hint: Names commonly chosen instead of 'master' are 'main', 'trunk' and
2025-06-18T10:00:37.5150564Z hint: 'development'. The just-created branch can be renamed via this command:
2025-06-18T10:00:37.5152077Z hint:
2025-06-18T10:00:37.5152812Z hint: 	git branch -m <name>
2025-06-18T10:00:37.5154825Z Initialized empty Git repository in /home/runner/work/Automatizacion_RSI_PCI/Automatizacion_RSI_PCI/.git/
2025-06-18T10:00:37.5158433Z [command]/usr/bin/git remote add origin https://github.com/CharlysEV/Automatizacion_RSI_PCI
2025-06-18T10:00:37.5188519Z ##[endgroup]
2025-06-18T10:00:37.5189891Z ##[group]Disabling automatic garbage collection
2025-06-18T10:00:37.5191782Z [command]/usr/bin/git config --local gc.auto 0
2025-06-18T10:00:37.5219071Z ##[endgroup]
2025-06-18T10:00:37.5220462Z ##[group]Setting up auth
2025-06-18T10:00:37.5225527Z [command]/usr/bin/git config --local --name-only --get-regexp core\.sshCommand
2025-06-18T10:00:37.5253453Z [command]/usr/bin/git submodule foreach --recursive sh -c "git config --local --name-only --get-regexp 'core\.sshCommand' && git config --local --unset-all 'core.sshCommand' || :"
2025-06-18T10:00:37.5518826Z [command]/usr/bin/git config --local --name-only --get-regexp http\.https\:\/\/github\.com\/\.extraheader
2025-06-18T10:00:37.5544871Z [command]/usr/bin/git submodule foreach --recursive sh -c "git config --local --name-only --get-regexp 'http\.https\:\/\/github\.com\/\.extraheader' && git config --local --unset-all 'http.https://github.com/.extraheader' || :"
2025-06-18T10:00:37.5777098Z [command]/usr/bin/git config --local http.https://github.com/.extraheader AUTHORIZATION: basic ***
2025-06-18T10:00:37.5808131Z ##[endgroup]
2025-06-18T10:00:37.5809442Z ##[group]Fetching the repository
2025-06-18T10:00:37.5816828Z [command]/usr/bin/git -c protocol.version=2 fetch --no-tags --prune --progress --no-recurse-submodules --depth=1 origin +cd21ea4ed4ef938f2209d90243a3932ed562df42:refs/remotes/origin/main
2025-06-18T10:00:38.0026712Z remote: Enumerating objects: 23, done.        
2025-06-18T10:00:38.0028146Z remote: Counting objects:   4% (1/23)        
2025-06-18T10:00:38.0029458Z remote: Counting objects:   8% (2/23)        
2025-06-18T10:00:38.0030819Z remote: Counting objects:  13% (3/23)        
2025-06-18T10:00:38.0032131Z remote: Counting objects:  17% (4/23)        
2025-06-18T10:00:38.0033209Z remote: Counting objects:  21% (5/23)        
2025-06-18T10:00:38.0034377Z remote: Counting objects:  26% (6/23)        
2025-06-18T10:00:38.0035117Z remote: Counting objects:  30% (7/23)        
2025-06-18T10:00:38.0035843Z remote: Counting objects:  34% (8/23)        
2025-06-18T10:00:38.0036568Z remote: Counting objects:  39% (9/23)        
2025-06-18T10:00:38.0037341Z remote: Counting objects:  43% (10/23)        
2025-06-18T10:00:38.0038078Z remote: Counting objects:  47% (11/23)        
2025-06-18T10:00:38.0038848Z remote: Counting objects:  52% (12/23)        
2025-06-18T10:00:38.0039587Z remote: Counting objects:  56% (13/23)        
2025-06-18T10:00:38.0040328Z remote: Counting objects:  60% (14/23)        
2025-06-18T10:00:38.0041100Z remote: Counting objects:  65% (15/23)        
2025-06-18T10:00:38.0041882Z remote: Counting objects:  69% (16/23)        
2025-06-18T10:00:38.0042654Z remote: Counting objects:  73% (17/23)        
2025-06-18T10:00:38.0043434Z remote: Counting objects:  78% (18/23)        
2025-06-18T10:00:38.0044455Z remote: Counting objects:  82% (19/23)        
2025-06-18T10:00:38.0045245Z remote: Counting objects:  86% (20/23)        
2025-06-18T10:00:38.0046016Z remote: Counting objects:  91% (21/23)        
2025-06-18T10:00:38.0046837Z remote: Counting objects:  95% (22/23)        
2025-06-18T10:00:38.0047908Z remote: Counting objects: 100% (23/23)        
2025-06-18T10:00:38.0048738Z remote: Counting objects: 100% (23/23), done.        
2025-06-18T10:00:38.0049588Z remote: Compressing objects:   5% (1/17)        
2025-06-18T10:00:38.0050574Z remote: Compressing objects:  11% (2/17)        
2025-06-18T10:00:38.0051689Z remote: Compressing objects:  17% (3/17)        
2025-06-18T10:00:38.0052803Z remote: Compressing objects:  23% (4/17)        
2025-06-18T10:00:38.0054113Z remote: Compressing objects:  29% (5/17)        
2025-06-18T10:00:38.0055298Z remote: Compressing objects:  35% (6/17)        
2025-06-18T10:00:38.0056432Z remote: Compressing objects:  41% (7/17)        
2025-06-18T10:00:38.0057570Z remote: Compressing objects:  47% (8/17)        
2025-06-18T10:00:38.0058702Z remote: Compressing objects:  52% (9/17)        
2025-06-18T10:00:38.0059857Z remote: Compressing objects:  58% (10/17)        
2025-06-18T10:00:38.0061013Z remote: Compressing objects:  64% (11/17)        
2025-06-18T10:00:38.0062172Z remote: Compressing objects:  70% (12/17)        
2025-06-18T10:00:38.0063332Z remote: Compressing objects:  76% (13/17)        
2025-06-18T10:00:38.0064687Z remote: Compressing objects:  82% (14/17)        
2025-06-18T10:00:38.0065832Z remote: Compressing objects:  88% (15/17)        
2025-06-18T10:00:38.0066959Z remote: Compressing objects:  94% (16/17)        
2025-06-18T10:00:38.0068097Z remote: Compressing objects: 100% (17/17)        
2025-06-18T10:00:38.0069292Z remote: Compressing objects: 100% (17/17), done.        
2025-06-18T10:00:38.0297491Z remote: Total 23 (delta 0), reused 22 (delta 0), pack-reused 0 (from 0)        
2025-06-18T10:00:38.0391504Z From https://github.com/CharlysEV/Automatizacion_RSI_PCI
2025-06-18T10:00:38.0393785Z  * [new ref]         cd21ea4ed4ef938f2209d90243a3932ed562df42 -> origin/main
2025-06-18T10:00:38.0420821Z ##[endgroup]
2025-06-18T10:00:38.0422606Z ##[group]Determining the checkout info
2025-06-18T10:00:38.0424383Z ##[endgroup]
2025-06-18T10:00:38.0425921Z ##[group]Checking out the ref
2025-06-18T10:00:38.0427616Z [command]/usr/bin/git checkout --progress --force -B main refs/remotes/origin/main
2025-06-18T10:00:38.0476176Z Switched to a new branch 'main'
2025-06-18T10:00:38.0479032Z branch 'main' set up to track 'origin/main'.
2025-06-18T10:00:38.0486210Z ##[endgroup]
2025-06-18T10:00:38.0517247Z [command]/usr/bin/git log -1 --format='%H'
2025-06-18T10:00:38.0539110Z 'cd21ea4ed4ef938f2209d90243a3932ed562df42'
2025-06-18T10:00:38.0795601Z ##[group]Run actions/setup-python@v4
2025-06-18T10:00:38.0796483Z with:
2025-06-18T10:00:38.0797163Z   python-version: 3.9
2025-06-18T10:00:38.0797918Z   check-latest: false
2025-06-18T10:00:38.0798797Z   token: ***
2025-06-18T10:00:38.0799488Z   update-environment: true
2025-06-18T10:00:38.0800236Z   allow-prereleases: false
2025-06-18T10:00:38.0800987Z ##[endgroup]
2025-06-18T10:00:38.2490473Z ##[group]Installed versions
2025-06-18T10:00:38.2556672Z Successfully set up CPython (3.9.23)
2025-06-18T10:00:38.2558242Z ##[endgroup]
2025-06-18T10:00:38.2687196Z ##[group]Run python -m pip install --upgrade pip
2025-06-18T10:00:38.2688240Z [36;1mpython -m pip install --upgrade pip[0m
2025-06-18T10:00:38.2689124Z [36;1mpip install -e .[dev][0m
2025-06-18T10:00:38.2782477Z shell: /usr/bin/bash -e {0}
2025-06-18T10:00:38.2783289Z env:
2025-06-18T10:00:38.2784248Z   pythonLocation: /opt/hostedtoolcache/Python/3.9.23/x64
2025-06-18T10:00:38.2785711Z   PKG_CONFIG_PATH: /opt/hostedtoolcache/Python/3.9.23/x64/lib/pkgconfig
2025-06-18T10:00:38.2787001Z   Python_ROOT_DIR: /opt/hostedtoolcache/Python/3.9.23/x64
2025-06-18T10:00:38.2788198Z   Python2_ROOT_DIR: /opt/hostedtoolcache/Python/3.9.23/x64
2025-06-18T10:00:38.2789343Z   Python3_ROOT_DIR: /opt/hostedtoolcache/Python/3.9.23/x64
2025-06-18T10:00:38.2790376Z   LD_LIBRARY_PATH: /opt/hostedtoolcache/Python/3.9.23/x64/lib
2025-06-18T10:00:38.2791330Z ##[endgroup]
2025-06-18T10:00:39.8742488Z Requirement already satisfied: pip in /opt/hostedtoolcache/Python/3.9.23/x64/lib/python3.9/site-packages (25.1.1)
2025-06-18T10:00:40.4668683Z Obtaining file:///home/runner/work/Automatizacion_RSI_PCI/Automatizacion_RSI_PCI
2025-06-18T10:00:40.5430625Z ERROR: Exception:
2025-06-18T10:00:40.5431267Z Traceback (most recent call last):
2025-06-18T10:00:40.5440147Z   File "/opt/hostedtoolcache/Python/3.9.23/x64/lib/python3.9/site-packages/pip/_internal/cli/base_command.py", line 105, in _run_wrapper
2025-06-18T10:00:40.5441015Z     status = _inner_run()
2025-06-18T10:00:40.5441841Z   File "/opt/hostedtoolcache/Python/3.9.23/x64/lib/python3.9/site-packages/pip/_internal/cli/base_command.py", line 96, in _inner_run
2025-06-18T10:00:40.5442600Z     return self.run(options, args)
2025-06-18T10:00:40.5443245Z   File "/opt/hostedtoolcache/Python/3.9.23/x64/lib/python3.9/site-packages/pip/_internal/cli/req_command.py", line 68, in wrapper
2025-06-18T10:00:40.5444109Z     return func(self, options, args)
2025-06-18T10:00:40.5444834Z   File "/opt/hostedtoolcache/Python/3.9.23/x64/lib/python3.9/site-packages/pip/_internal/commands/install.py", line 387, in run
2025-06-18T10:00:40.5445456Z     requirement_set = resolver.resolve(
2025-06-18T10:00:40.5446136Z   File "/opt/hostedtoolcache/Python/3.9.23/x64/lib/python3.9/site-packages/pip/_internal/resolution/resolvelib/resolver.py", line 77, in resolve
2025-06-18T10:00:40.5446857Z     collected = self.factory.collect_root_requirements(root_reqs)
2025-06-18T10:00:40.5447736Z   File "/opt/hostedtoolcache/Python/3.9.23/x64/lib/python3.9/site-packages/pip/_internal/resolution/resolvelib/factory.py", line 545, in collect_root_requirements
2025-06-18T10:00:40.5448433Z     reqs = list(
2025-06-18T10:00:40.5449155Z   File "/opt/hostedtoolcache/Python/3.9.23/x64/lib/python3.9/site-packages/pip/_internal/resolution/resolvelib/factory.py", line 501, in _make_requirements_from_install_req
2025-06-18T10:00:40.5449889Z     cand = self._make_base_candidate_from_link(
2025-06-18T10:00:40.5450717Z   File "/opt/hostedtoolcache/Python/3.9.23/x64/lib/python3.9/site-packages/pip/_internal/resolution/resolvelib/factory.py", line 212, in _make_base_candidate_from_link
2025-06-18T10:00:40.5451489Z     self._editable_candidate_cache[link] = EditableCandidate(
2025-06-18T10:00:40.5452244Z   File "/opt/hostedtoolcache/Python/3.9.23/x64/lib/python3.9/site-packages/pip/_internal/resolution/resolvelib/candidates.py", line 331, in __init__
2025-06-18T10:00:40.5452930Z     super().__init__(
2025-06-18T10:00:40.5453811Z   File "/opt/hostedtoolcache/Python/3.9.23/x64/lib/python3.9/site-packages/pip/_internal/resolution/resolvelib/candidates.py", line 159, in __init__
2025-06-18T10:00:40.5454613Z     self.dist = self._prepare()
2025-06-18T10:00:40.5455309Z   File "/opt/hostedtoolcache/Python/3.9.23/x64/lib/python3.9/site-packages/pip/_internal/resolution/resolvelib/candidates.py", line 236, in _prepare
2025-06-18T10:00:40.5455998Z     dist = self._prepare_distribution()
2025-06-18T10:00:40.5457046Z   File "/opt/hostedtoolcache/Python/3.9.23/x64/lib/python3.9/site-packages/pip/_internal/resolution/resolvelib/candidates.py", line 341, in _prepare_distribution
2025-06-18T10:00:40.5457875Z     return self._factory.preparer.prepare_editable_requirement(self._ireq)
2025-06-18T10:00:40.5458702Z   File "/opt/hostedtoolcache/Python/3.9.23/x64/lib/python3.9/site-packages/pip/_internal/operations/prepare.py", line 703, in prepare_editable_requirement
2025-06-18T10:00:40.5459445Z     dist = _get_prepared_distribution(
2025-06-18T10:00:40.5460192Z   File "/opt/hostedtoolcache/Python/3.9.23/x64/lib/python3.9/site-packages/pip/_internal/operations/prepare.py", line 71, in _get_prepared_distribution
2025-06-18T10:00:40.5460871Z     abstract_dist.prepare_distribution_metadata(
2025-06-18T10:00:40.5461606Z   File "/opt/hostedtoolcache/Python/3.9.23/x64/lib/python3.9/site-packages/pip/_internal/distributions/sdist.py", line 39, in prepare_distribution_metadata
2025-06-18T10:00:40.5462269Z     self.req.load_pyproject_toml()
2025-06-18T10:00:40.5462961Z   File "/opt/hostedtoolcache/Python/3.9.23/x64/lib/python3.9/site-packages/pip/_internal/req/req_install.py", line 512, in load_pyproject_toml
2025-06-18T10:00:40.5463983Z     pyproject_toml_data = load_pyproject_toml(
2025-06-18T10:00:40.5464640Z   File "/opt/hostedtoolcache/Python/3.9.23/x64/lib/python3.9/site-packages/pip/_internal/pyproject.py", line 70, in load_pyproject_toml
2025-06-18T10:00:40.5465254Z     pp_toml = tomllib.loads(f.read())
2025-06-18T10:00:40.5465841Z   File "/opt/hostedtoolcache/Python/3.9.23/x64/lib/python3.9/site-packages/pip/_vendor/tomli/_parser.py", line 180, in loads
2025-06-18T10:00:40.5466440Z     pos = key_value_rule(src, pos, out, header, parse_float)
2025-06-18T10:00:40.5467124Z   File "/opt/hostedtoolcache/Python/3.9.23/x64/lib/python3.9/site-packages/pip/_vendor/tomli/_parser.py", line 408, in key_value_rule
2025-06-18T10:00:40.5467801Z     pos, key, value = parse_key_value_pair(src, pos, parse_float, nest_lvl=0)
2025-06-18T10:00:40.5468535Z   File "/opt/hostedtoolcache/Python/3.9.23/x64/lib/python3.9/site-packages/pip/_vendor/tomli/_parser.py", line 451, in parse_key_value_pair
2025-06-18T10:00:40.5469195Z     pos, value = parse_value(src, pos, parse_float, nest_lvl)
2025-06-18T10:00:40.5469847Z   File "/opt/hostedtoolcache/Python/3.9.23/x64/lib/python3.9/site-packages/pip/_vendor/tomli/_parser.py", line 745, in parse_value
2025-06-18T10:00:40.5470481Z     raise TOMLDecodeError("Invalid value", src, pos)
2025-06-18T10:00:40.5470950Z pip._vendor.tomli._parser.TOMLDecodeError: Invalid value (at line 6, column 17)
2025-06-18T10:00:40.5810344Z ##[error]Process completed with exit code 2.
2025-06-18T10:00:40.5927481Z Post job cleanup.
2025-06-18T10:00:40.6700544Z [command]/usr/bin/git version
2025-06-18T10:00:40.6734488Z git version 2.49.0
2025-06-18T10:00:40.6779014Z Temporarily overriding HOME='/home/runner/work/_temp/05608b6f-1d34-4d5e-a112-5c6e1b74d78c' before making global git config changes
2025-06-18T10:00:40.6780466Z Adding repository directory to the temporary git global config as a safe directory
2025-06-18T10:00:40.6784371Z [command]/usr/bin/git config --global --add safe.directory /home/runner/work/Automatizacion_RSI_PCI/Automatizacion_RSI_PCI
2025-06-18T10:00:40.6815623Z [command]/usr/bin/git config --local --name-only --get-regexp core\.sshCommand
2025-06-18T10:00:40.6845019Z [command]/usr/bin/git submodule foreach --recursive sh -c "git config --local --name-only --get-regexp 'core\.sshCommand' && git config --local --unset-all 'core.sshCommand' || :"
2025-06-18T10:00:40.7073351Z [command]/usr/bin/git config --local --name-only --get-regexp http\.https\:\/\/github\.com\/\.extraheader
2025-06-18T10:00:40.7093139Z http.https://github.com/.extraheader
2025-06-18T10:00:40.7104321Z [command]/usr/bin/git config --local --unset-all http.https://github.com/.extraheader
2025-06-18T10:00:40.7131648Z [command]/usr/bin/git submodule foreach --recursive sh -c "git config --local --name-only --get-regexp 'http\.https\:\/\/github\.com\/\.extraheader' && git config --local --unset-all 'http.https://github.com/.extraheader' || :"
2025-06-18T10:00:40.7451964Z Cleaning up orphan processes
