2025-06-18T10:00:35.8444254Z Current runner version: '2.325.0'
2025-06-18T10:00:35.8476350Z ##[group]Operating System
2025-06-18T10:00:35.8477244Z Ubuntu
2025-06-18T10:00:35.8477912Z 24.04.2
2025-06-18T10:00:35.8478384Z LTS
2025-06-18T10:00:35.8478903Z ##[endgroup]
2025-06-18T10:00:35.8479414Z ##[group]Runner Image
2025-06-18T10:00:35.8479970Z Image: ubuntu-24.04
2025-06-18T10:00:35.8480535Z Version: 20250609.1.0
2025-06-18T10:00:35.8481511Z Included Software: https://github.com/actions/runner-images/blob/ubuntu24/20250609.1/images/ubuntu/Ubuntu2404-Readme.md
2025-06-18T10:00:35.8482907Z Image Release: https://github.com/actions/runner-images/releases/tag/ubuntu24%2F20250609.1
2025-06-18T10:00:35.8483845Z ##[endgroup]
2025-06-18T10:00:35.8484313Z ##[group]Runner Image Provisioner
2025-06-18T10:00:35.8484904Z 2.0.437.1
2025-06-18T10:00:35.8485366Z ##[endgroup]
2025-06-18T10:00:35.8486396Z ##[group]GITHUB_TOKEN Permissions
2025-06-18T10:00:35.8488680Z Contents: read
2025-06-18T10:00:35.8489333Z Metadata: read
2025-06-18T10:00:35.8489967Z Packages: read
2025-06-18T10:00:35.8490581Z ##[endgroup]
2025-06-18T10:00:35.8492550Z Secret source: Actions
2025-06-18T10:00:35.8493200Z Prepare workflow directory
2025-06-18T10:00:35.8912514Z Prepare all required actions
2025-06-18T10:00:35.8968266Z Getting action download info
2025-06-18T10:00:38.1685188Z ##[group]Download immutable action package 'actions/checkout@v3'
2025-06-18T10:00:38.1686525Z Version: 3.6.0
2025-06-18T10:00:38.1688569Z Digest: sha256:942562b9c7d4b1f2557f1da21f4d3eb4eb4fd01f2ad78b2a6e187d1b193e0a0f
2025-06-18T10:00:38.1690358Z Source commit SHA: f43a0e5ff2bd294095638e18286ca9a3d1956744
2025-06-18T10:00:38.1691409Z ##[endgroup]
2025-06-18T10:00:38.2976672Z ##[group]Download immutable action package 'actions/setup-python@v4'
2025-06-18T10:00:38.2978604Z Version: 4.9.1
2025-06-18T10:00:38.2980329Z Digest: sha256:f03e505388af670b5a108629e0ba26befc08d5c62b41f46146a45fe29ae509a5
2025-06-18T10:00:38.2982661Z Source commit SHA: 7f4fc3e22c37d6ff65e88745f38bd3157c663f7c
2025-06-18T10:00:38.2984287Z ##[endgroup]
2025-06-18T10:00:48.5385548Z ##[warning]Failed to download action 'https://api.github.com/internal/immutable-actions/actions/setup-python/download/sha256:636a487e66aa64c09f151bce15e76aa7236bcfaec0374f7e097600b4da06a2f2?x-ghcr-actor-id=1004155951&x-ghcr-actor-type=repository&x-ghcr-alg=hmac-sha256&x-ghcr-date=2025-06-18T10:00:38Z&x-ghcr-expires=10m0s&x-ghcr-host=ghcr.io&***
2025-06-18T10:00:48.5401582Z ##[warning]Back off 29.639 seconds before retry.
2025-06-18T10:01:18.4850575Z Complete job name: test (3.11)
2025-06-18T10:01:18.5476685Z ##[group]Run actions/checkout@v3
2025-06-18T10:01:18.5477286Z with:
2025-06-18T10:01:18.5477554Z   repository: CharlysEV/Automatizacion_RSI_PCI
2025-06-18T10:01:18.5478304Z   token: ***
2025-06-18T10:01:18.5478556Z   ssh-strict: true
2025-06-18T10:01:18.5478799Z   persist-credentials: true
2025-06-18T10:01:18.5479046Z   clean: true
2025-06-18T10:01:18.5479275Z   sparse-checkout-cone-mode: true
2025-06-18T10:01:18.5479535Z   fetch-depth: 1
2025-06-18T10:01:18.5479777Z   fetch-tags: false
2025-06-18T10:01:18.5479985Z   lfs: false
2025-06-18T10:01:18.5480196Z   submodules: false
2025-06-18T10:01:18.5480431Z   set-safe-directory: true
2025-06-18T10:01:18.5480936Z ##[endgroup]
2025-06-18T10:01:18.7197213Z Syncing repository: CharlysEV/Automatizacion_RSI_PCI
2025-06-18T10:01:18.7199032Z ##[group]Getting Git version info
2025-06-18T10:01:18.7199757Z Working directory is '/home/runner/work/Automatizacion_RSI_PCI/Automatizacion_RSI_PCI'
2025-06-18T10:01:18.7201057Z [command]/usr/bin/git version
2025-06-18T10:01:18.7284776Z git version 2.49.0
2025-06-18T10:01:18.7313903Z ##[endgroup]
2025-06-18T10:01:18.7331462Z Temporarily overriding HOME='/home/runner/work/_temp/b4268f59-0a26-45a8-9e41-28c5ed997690' before making global git config changes
2025-06-18T10:01:18.7333032Z Adding repository directory to the temporary git global config as a safe directory
2025-06-18T10:01:18.7336533Z [command]/usr/bin/git config --global --add safe.directory /home/runner/work/Automatizacion_RSI_PCI/Automatizacion_RSI_PCI
2025-06-18T10:01:18.7375097Z Deleting the contents of '/home/runner/work/Automatizacion_RSI_PCI/Automatizacion_RSI_PCI'
2025-06-18T10:01:18.7378580Z ##[group]Initializing the repository
2025-06-18T10:01:18.7381886Z [command]/usr/bin/git init /home/runner/work/Automatizacion_RSI_PCI/Automatizacion_RSI_PCI
2025-06-18T10:01:18.7458053Z hint: Using 'master' as the name for the initial branch. This default branch name
2025-06-18T10:01:18.7458892Z hint: is subject to change. To configure the initial branch name to use in all
2025-06-18T10:01:18.7459424Z hint: of your new repositories, which will suppress this warning, call:
2025-06-18T10:01:18.7459796Z hint:
2025-06-18T10:01:18.7460096Z hint: 	git config --global init.defaultBranch <name>
2025-06-18T10:01:18.7460413Z hint:
2025-06-18T10:01:18.7460727Z hint: Names commonly chosen instead of 'master' are 'main', 'trunk' and
2025-06-18T10:01:18.7461336Z hint: 'development'. The just-created branch can be renamed via this command:
2025-06-18T10:01:18.7461743Z hint:
2025-06-18T10:01:18.7461955Z hint: 	git branch -m <name>
2025-06-18T10:01:18.7468437Z Initialized empty Git repository in /home/runner/work/Automatizacion_RSI_PCI/Automatizacion_RSI_PCI/.git/
2025-06-18T10:01:18.7477081Z [command]/usr/bin/git remote add origin https://github.com/CharlysEV/Automatizacion_RSI_PCI
2025-06-18T10:01:18.7510195Z ##[endgroup]
2025-06-18T10:01:18.7510645Z ##[group]Disabling automatic garbage collection
2025-06-18T10:01:18.7513205Z [command]/usr/bin/git config --local gc.auto 0
2025-06-18T10:01:18.7539399Z ##[endgroup]
2025-06-18T10:01:18.7540008Z ##[group]Setting up auth
2025-06-18T10:01:18.7544194Z [command]/usr/bin/git config --local --name-only --get-regexp core\.sshCommand
2025-06-18T10:01:18.7570063Z [command]/usr/bin/git submodule foreach --recursive sh -c "git config --local --name-only --get-regexp 'core\.sshCommand' && git config --local --unset-all 'core.sshCommand' || :"
2025-06-18T10:01:18.7920341Z [command]/usr/bin/git config --local --name-only --get-regexp http\.https\:\/\/github\.com\/\.extraheader
2025-06-18T10:01:18.7946577Z [command]/usr/bin/git submodule foreach --recursive sh -c "git config --local --name-only --get-regexp 'http\.https\:\/\/github\.com\/\.extraheader' && git config --local --unset-all 'http.https://github.com/.extraheader' || :"
2025-06-18T10:01:18.8166528Z [command]/usr/bin/git config --local http.https://github.com/.extraheader AUTHORIZATION: basic ***
2025-06-18T10:01:18.8205639Z ##[endgroup]
2025-06-18T10:01:18.8206682Z ##[group]Fetching the repository
2025-06-18T10:01:18.8217524Z [command]/usr/bin/git -c protocol.version=2 fetch --no-tags --prune --progress --no-recurse-submodules --depth=1 origin +cd21ea4ed4ef938f2209d90243a3932ed562df42:refs/remotes/origin/main
2025-06-18T10:01:19.1964861Z remote: Enumerating objects: 23, done.        
2025-06-18T10:01:19.1965543Z remote: Counting objects:   4% (1/23)        
2025-06-18T10:01:19.1965984Z remote: Counting objects:   8% (2/23)        
2025-06-18T10:01:19.1966355Z remote: Counting objects:  13% (3/23)        
2025-06-18T10:01:19.1966742Z remote: Counting objects:  17% (4/23)        
2025-06-18T10:01:19.1967217Z remote: Counting objects:  21% (5/23)        
2025-06-18T10:01:19.1967979Z remote: Counting objects:  26% (6/23)        
2025-06-18T10:01:19.1968586Z remote: Counting objects:  30% (7/23)        
2025-06-18T10:01:19.1969002Z remote: Counting objects:  34% (8/23)        
2025-06-18T10:01:19.1969345Z remote: Counting objects:  39% (9/23)        
2025-06-18T10:01:19.1969718Z remote: Counting objects:  43% (10/23)        
2025-06-18T10:01:19.1970080Z remote: Counting objects:  47% (11/23)        
2025-06-18T10:01:19.1970441Z remote: Counting objects:  52% (12/23)        
2025-06-18T10:01:19.1970801Z remote: Counting objects:  56% (13/23)        
2025-06-18T10:01:19.1971163Z remote: Counting objects:  60% (14/23)        
2025-06-18T10:01:19.1971507Z remote: Counting objects:  65% (15/23)        
2025-06-18T10:01:19.1971861Z remote: Counting objects:  69% (16/23)        
2025-06-18T10:01:19.1972671Z remote: Counting objects:  73% (17/23)        
2025-06-18T10:01:19.1973055Z remote: Counting objects:  78% (18/23)        
2025-06-18T10:01:19.1973406Z remote: Counting objects:  82% (19/23)        
2025-06-18T10:01:19.1973752Z remote: Counting objects:  86% (20/23)        
2025-06-18T10:01:19.1974122Z remote: Counting objects:  91% (21/23)        
2025-06-18T10:01:19.1974470Z remote: Counting objects:  95% (22/23)        
2025-06-18T10:01:19.1974820Z remote: Counting objects: 100% (23/23)        
2025-06-18T10:01:19.1975201Z remote: Counting objects: 100% (23/23), done.        
2025-06-18T10:01:19.1975595Z remote: Compressing objects:   5% (1/17)        
2025-06-18T10:01:19.1975962Z remote: Compressing objects:  11% (2/17)        
2025-06-18T10:01:19.1976331Z remote: Compressing objects:  17% (3/17)        
2025-06-18T10:01:19.1976692Z remote: Compressing objects:  23% (4/17)        
2025-06-18T10:01:19.1977057Z remote: Compressing objects:  29% (5/17)        
2025-06-18T10:01:19.1977432Z remote: Compressing objects:  35% (6/17)        
2025-06-18T10:01:19.1977991Z remote: Compressing objects:  41% (7/17)        
2025-06-18T10:01:19.1978416Z remote: Compressing objects:  47% (8/17)        
2025-06-18T10:01:19.1978776Z remote: Compressing objects:  52% (9/17)        
2025-06-18T10:01:19.1979143Z remote: Compressing objects:  58% (10/17)        
2025-06-18T10:01:19.1979510Z remote: Compressing objects:  64% (11/17)        
2025-06-18T10:01:19.1979877Z remote: Compressing objects:  70% (12/17)        
2025-06-18T10:01:19.1980255Z remote: Compressing objects:  76% (13/17)        
2025-06-18T10:01:19.1980613Z remote: Compressing objects:  82% (14/17)        
2025-06-18T10:01:19.1980978Z remote: Compressing objects:  88% (15/17)        
2025-06-18T10:01:19.1981342Z remote: Compressing objects:  94% (16/17)        
2025-06-18T10:01:19.1981706Z remote: Compressing objects: 100% (17/17)        
2025-06-18T10:01:19.1982062Z remote: Compressing objects: 100% (17/17), done.        
2025-06-18T10:01:19.2030437Z remote: Total 23 (delta 0), reused 22 (delta 0), pack-reused 0 (from 0)        
2025-06-18T10:01:19.2102124Z From https://github.com/CharlysEV/Automatizacion_RSI_PCI
2025-06-18T10:01:19.2103014Z  * [new ref]         cd21ea4ed4ef938f2209d90243a3932ed562df42 -> origin/main
2025-06-18T10:01:19.2132835Z ##[endgroup]
2025-06-18T10:01:19.2133501Z ##[group]Determining the checkout info
2025-06-18T10:01:19.2135420Z ##[endgroup]
2025-06-18T10:01:19.2136029Z ##[group]Checking out the ref
2025-06-18T10:01:19.2140050Z [command]/usr/bin/git checkout --progress --force -B main refs/remotes/origin/main
2025-06-18T10:01:19.2193454Z Switched to a new branch 'main'
2025-06-18T10:01:19.2196340Z branch 'main' set up to track 'origin/main'.
2025-06-18T10:01:19.2204894Z ##[endgroup]
2025-06-18T10:01:19.2240642Z [command]/usr/bin/git log -1 --format='%H'
2025-06-18T10:01:19.2262576Z 'cd21ea4ed4ef938f2209d90243a3932ed562df42'
2025-06-18T10:01:19.2494044Z ##[group]Run actions/setup-python@v4
2025-06-18T10:01:19.2494369Z with:
2025-06-18T10:01:19.2494606Z   python-version: 3.11
2025-06-18T10:01:19.2494861Z   check-latest: false
2025-06-18T10:01:19.2495237Z   token: ***
2025-06-18T10:01:19.2495480Z   update-environment: true
2025-06-18T10:01:19.2495747Z   allow-prereleases: false
2025-06-18T10:01:19.2496003Z ##[endgroup]
2025-06-18T10:01:19.4185199Z ##[group]Installed versions
2025-06-18T10:01:19.4253535Z Successfully set up CPython (3.11.13)
2025-06-18T10:01:19.4254616Z ##[endgroup]
2025-06-18T10:01:19.4366883Z ##[group]Run python -m pip install --upgrade pip
2025-06-18T10:01:19.4367356Z [36;1mpython -m pip install --upgrade pip[0m
2025-06-18T10:01:19.4367955Z [36;1mpip install -e .[dev][0m
2025-06-18T10:01:19.4471940Z shell: /usr/bin/bash -e {0}
2025-06-18T10:01:19.4472228Z env:
2025-06-18T10:01:19.4472504Z   pythonLocation: /opt/hostedtoolcache/Python/3.11.13/x64
2025-06-18T10:01:19.4473023Z   PKG_CONFIG_PATH: /opt/hostedtoolcache/Python/3.11.13/x64/lib/pkgconfig
2025-06-18T10:01:19.4473463Z   Python_ROOT_DIR: /opt/hostedtoolcache/Python/3.11.13/x64
2025-06-18T10:01:19.4474065Z   Python2_ROOT_DIR: /opt/hostedtoolcache/Python/3.11.13/x64
2025-06-18T10:01:19.4474461Z   Python3_ROOT_DIR: /opt/hostedtoolcache/Python/3.11.13/x64
2025-06-18T10:01:19.4474845Z   LD_LIBRARY_PATH: /opt/hostedtoolcache/Python/3.11.13/x64/lib
2025-06-18T10:01:19.4475170Z ##[endgroup]
2025-06-18T10:01:20.0826998Z Requirement already satisfied: pip in /opt/hostedtoolcache/Python/3.11.13/x64/lib/python3.11/site-packages (25.1.1)
2025-06-18T10:01:20.6303481Z Obtaining file:///home/runner/work/Automatizacion_RSI_PCI/Automatizacion_RSI_PCI
2025-06-18T10:01:20.7341861Z ERROR: Exception:
2025-06-18T10:01:20.7342560Z Traceback (most recent call last):
2025-06-18T10:01:20.7352091Z   File "/opt/hostedtoolcache/Python/3.11.13/x64/lib/python3.11/site-packages/pip/_internal/cli/base_command.py", line 105, in _run_wrapper
2025-06-18T10:01:20.7353130Z     status = _inner_run()
2025-06-18T10:01:20.7353460Z              ^^^^^^^^^^^^
2025-06-18T10:01:20.7354363Z   File "/opt/hostedtoolcache/Python/3.11.13/x64/lib/python3.11/site-packages/pip/_internal/cli/base_command.py", line 96, in _inner_run
2025-06-18T10:01:20.7355299Z     return self.run(options, args)
2025-06-18T10:01:20.7355647Z            ^^^^^^^^^^^^^^^^^^^^^^^
2025-06-18T10:01:20.7356556Z   File "/opt/hostedtoolcache/Python/3.11.13/x64/lib/python3.11/site-packages/pip/_internal/cli/req_command.py", line 68, in wrapper
2025-06-18T10:01:20.7357459Z     return func(self, options, args)
2025-06-18T10:01:20.7358036Z            ^^^^^^^^^^^^^^^^^^^^^^^^^
2025-06-18T10:01:20.7358901Z   File "/opt/hostedtoolcache/Python/3.11.13/x64/lib/python3.11/site-packages/pip/_internal/commands/install.py", line 387, in run
2025-06-18T10:01:20.7359775Z     requirement_set = resolver.resolve(
2025-06-18T10:01:20.7360167Z                       ^^^^^^^^^^^^^^^^^
2025-06-18T10:01:20.7361194Z   File "/opt/hostedtoolcache/Python/3.11.13/x64/lib/python3.11/site-packages/pip/_internal/resolution/resolvelib/resolver.py", line 77, in resolve
2025-06-18T10:01:20.7362281Z     collected = self.factory.collect_root_requirements(root_reqs)
2025-06-18T10:01:20.7362797Z                 ^^^^^^^^^^^^^^^^^^^^^^^^^^^^^^^^^^^^^^^^^^^^^^^^^
2025-06-18T10:01:20.7363908Z   File "/opt/hostedtoolcache/Python/3.11.13/x64/lib/python3.11/site-packages/pip/_internal/resolution/resolvelib/factory.py", line 545, in collect_root_requirements
2025-06-18T10:01:20.7364955Z     reqs = list(
2025-06-18T10:01:20.7365222Z            ^^^^^
2025-06-18T10:01:20.7366309Z   File "/opt/hostedtoolcache/Python/3.11.13/x64/lib/python3.11/site-packages/pip/_internal/resolution/resolvelib/factory.py", line 501, in _make_requirements_from_install_req
2025-06-18T10:01:20.7367432Z     cand = self._make_base_candidate_from_link(
2025-06-18T10:01:20.7368018Z            ^^^^^^^^^^^^^^^^^^^^^^^^^^^^^^^^^^^^
2025-06-18T10:01:20.7369141Z   File "/opt/hostedtoolcache/Python/3.11.13/x64/lib/python3.11/site-packages/pip/_internal/resolution/resolvelib/factory.py", line 212, in _make_base_candidate_from_link
2025-06-18T10:01:20.7370355Z     self._editable_candidate_cache[link] = EditableCandidate(
2025-06-18T10:01:20.7370850Z                                            ^^^^^^^^^^^^^^^^^^
2025-06-18T10:01:20.7371881Z   File "/opt/hostedtoolcache/Python/3.11.13/x64/lib/python3.11/site-packages/pip/_internal/resolution/resolvelib/candidates.py", line 331, in __init__
2025-06-18T10:01:20.7372846Z     super().__init__(
2025-06-18T10:01:20.7374213Z   File "/opt/hostedtoolcache/Python/3.11.13/x64/lib/python3.11/site-packages/pip/_internal/resolution/resolvelib/candidates.py", line 159, in __init__
2025-06-18T10:01:20.7375283Z     self.dist = self._prepare()
2025-06-18T10:01:20.7375616Z                 ^^^^^^^^^^^^^^^
2025-06-18T10:01:20.7376565Z   File "/opt/hostedtoolcache/Python/3.11.13/x64/lib/python3.11/site-packages/pip/_internal/resolution/resolvelib/candidates.py", line 236, in _prepare
2025-06-18T10:01:20.7377562Z     dist = self._prepare_distribution()
2025-06-18T10:01:20.7378193Z            ^^^^^^^^^^^^^^^^^^^^^^^^^^^^
2025-06-18T10:01:20.7379499Z   File "/opt/hostedtoolcache/Python/3.11.13/x64/lib/python3.11/site-packages/pip/_internal/resolution/resolvelib/candidates.py", line 341, in _prepare_distribution
2025-06-18T10:01:20.7380735Z     return self._factory.preparer.prepare_editable_requirement(self._ireq)
2025-06-18T10:01:20.7381297Z            ^^^^^^^^^^^^^^^^^^^^^^^^^^^^^^^^^^^^^^^^^^^^^^^^^^^^^^^^^^^^^^^
2025-06-18T10:01:20.7382359Z   File "/opt/hostedtoolcache/Python/3.11.13/x64/lib/python3.11/site-packages/pip/_internal/operations/prepare.py", line 703, in prepare_editable_requirement
2025-06-18T10:01:20.7383389Z     dist = _get_prepared_distribution(
2025-06-18T10:01:20.7383757Z            ^^^^^^^^^^^^^^^^^^^^^^^^^^^
2025-06-18T10:01:20.7384774Z   File "/opt/hostedtoolcache/Python/3.11.13/x64/lib/python3.11/site-packages/pip/_internal/operations/prepare.py", line 71, in _get_prepared_distribution
2025-06-18T10:01:20.7385813Z     abstract_dist.prepare_distribution_metadata(
2025-06-18T10:01:20.7386924Z   File "/opt/hostedtoolcache/Python/3.11.13/x64/lib/python3.11/site-packages/pip/_internal/distributions/sdist.py", line 39, in prepare_distribution_metadata
2025-06-18T10:01:20.7388095Z     self.req.load_pyproject_toml()
2025-06-18T10:01:20.7389038Z   File "/opt/hostedtoolcache/Python/3.11.13/x64/lib/python3.11/site-packages/pip/_internal/req/req_install.py", line 512, in load_pyproject_toml
2025-06-18T10:01:20.7389993Z     pyproject_toml_data = load_pyproject_toml(
2025-06-18T10:01:20.7390411Z                           ^^^^^^^^^^^^^^^^^^^^
2025-06-18T10:01:20.7391341Z   File "/opt/hostedtoolcache/Python/3.11.13/x64/lib/python3.11/site-packages/pip/_internal/pyproject.py", line 70, in load_pyproject_toml
2025-06-18T10:01:20.7392235Z     pp_toml = tomllib.loads(f.read())
2025-06-18T10:01:20.7392606Z               ^^^^^^^^^^^^^^^^^^^^^^^
2025-06-18T10:01:20.7393280Z   File "/opt/hostedtoolcache/Python/3.11.13/x64/lib/python3.11/tomllib/_parser.py", line 102, in loads
2025-06-18T10:01:20.7394079Z     pos = key_value_rule(src, pos, out, header, parse_float)
2025-06-18T10:01:20.7394581Z           ^^^^^^^^^^^^^^^^^^^^^^^^^^^^^^^^^^^^^^^^^^^^^^^^^^
2025-06-18T10:01:20.7395420Z   File "/opt/hostedtoolcache/Python/3.11.13/x64/lib/python3.11/tomllib/_parser.py", line 326, in key_value_rule
2025-06-18T10:01:20.7396310Z     pos, key, value = parse_key_value_pair(src, pos, parse_float)
2025-06-18T10:01:20.7396882Z                       ^^^^^^^^^^^^^^^^^^^^^^^^^^^^^^^^^^^^^^^^^^^
2025-06-18T10:01:20.7397953Z   File "/opt/hostedtoolcache/Python/3.11.13/x64/lib/python3.11/tomllib/_parser.py", line 369, in parse_key_value_pair
2025-06-18T10:01:20.7398794Z     pos, value = parse_value(src, pos, parse_float)
2025-06-18T10:01:20.7399226Z                  ^^^^^^^^^^^^^^^^^^^^^^^^^^^^^^^^^^
2025-06-18T10:01:20.7400005Z   File "/opt/hostedtoolcache/Python/3.11.13/x64/lib/python3.11/tomllib/_parser.py", line 649, in parse_value
2025-06-18T10:01:20.7400824Z     raise suffixed_err(src, pos, "Invalid value")
2025-06-18T10:01:20.7401392Z tomllib.TOMLDecodeError: Invalid value (at line 6, column 17)
2025-06-18T10:01:20.7741005Z ##[error]Process completed with exit code 2.
2025-06-18T10:01:20.7896435Z Post job cleanup.
2025-06-18T10:01:20.8611345Z [command]/usr/bin/git version
2025-06-18T10:01:20.8649079Z git version 2.49.0
2025-06-18T10:01:20.8693716Z Temporarily overriding HOME='/home/runner/work/_temp/357a7f21-3070-4f9d-b6de-488227db93ed' before making global git config changes
2025-06-18T10:01:20.8695113Z Adding repository directory to the temporary git global config as a safe directory
2025-06-18T10:01:20.8698773Z [command]/usr/bin/git config --global --add safe.directory /home/runner/work/Automatizacion_RSI_PCI/Automatizacion_RSI_PCI
2025-06-18T10:01:20.8731016Z [command]/usr/bin/git config --local --name-only --get-regexp core\.sshCommand
2025-06-18T10:01:20.8761146Z [command]/usr/bin/git submodule foreach --recursive sh -c "git config --local --name-only --get-regexp 'core\.sshCommand' && git config --local --unset-all 'core.sshCommand' || :"
2025-06-18T10:01:20.8989832Z [command]/usr/bin/git config --local --name-only --get-regexp http\.https\:\/\/github\.com\/\.extraheader
2025-06-18T10:01:20.9008747Z http.https://github.com/.extraheader
2025-06-18T10:01:20.9019906Z [command]/usr/bin/git config --local --unset-all http.https://github.com/.extraheader
2025-06-18T10:01:20.9047243Z [command]/usr/bin/git submodule foreach --recursive sh -c "git config --local --name-only --get-regexp 'http\.https\:\/\/github\.com\/\.extraheader' && git config --local --unset-all 'http.https://github.com/.extraheader' || :"
2025-06-18T10:01:20.9367443Z Cleaning up orphan processes
